<!doctype html>
<html class="default no-js">
<head>
	<meta charset="utf-8">
	<meta http-equiv="X-UA-Compatible" content="IE=edge">
	<title>Example1 | typedoc-neo-theme-test</title>
	<meta name="description" content="">
	<meta name="viewport" content="width=device-width, initial-scale=1">
	<link rel="stylesheet" href="../assets/css/main.css">
</head>
<body>
<header>
	<div class="tsd-page-toolbar">
		<div class="container">
			<div class="table-wrap">
				<div class="table-cell" id="tsd-search" data-index="../assets/js/search.json" data-base="..">
					<div class="field">
						<label for="tsd-search-field" class="tsd-widget search no-caption">Search</label>
						<input id="tsd-search-field" type="text" />
					</div>
					<ul class="results">
						<li class="state loading">Preparing search index...</li>
						<li class="state failure">The search index is not available</li>
					</ul>
					<ul class="results-priority" style="display:none">
						<li data-name="&quot;index&quot;.Example1.waitForOk" data-subtitle="Main method"></li>
					</ul>
					<a href="../index.html" class="title">typedoc-neo-theme-test</a>
					&emsp;<a href="https://github.com/google/typedoc-neo-theme" class="title">Theme</a>
				</div>
				<div class="table-cell" id="tsd-widgets">
					<div id="tsd-filter">
						<a href="#" class="tsd-widget options no-caption" data-toggle="options">Options</a>
						<div class="tsd-filter-group">
							<div class="tsd-select" id="tsd-filter-visibility">
								<span class="tsd-select-label">All</span>
								<ul class="tsd-select-list">
									<li data-value="public">Public</li>
									<li data-value="protected">Public/Protected</li>
									<li data-value="private" class="selected">All</li>
								</ul>
							</div>
							<input type="checkbox" id="tsd-filter-inherited" checked />
							<label class="tsd-widget" for="tsd-filter-inherited">Inherited</label>
						</div>
					</div>
					<a href="#" class="tsd-widget menu no-caption" data-toggle="menu">Menu</a>
				</div>
			</div>
		</div>
	</div>
	<div class="tsd-page-title">
		<div class="container">
			<ul class="tsd-breadcrumb">
				<li>
					<a href="../modules/_index_.html">index</a>
				</li>
				<li>
					<a href="_index_.example1.html">Example1</a>
				</li>
			</ul>
		</div>
	</div>
</header>
<div class="container container-main">
	<div class="row">
		<div class="col-3 col-menu menu-sticky-wrap menu-highlight">
			<nav class="tsd-navigation primary">
				<ul>
					<li class="globals  ">
						<a href="../globals.html"><em>Globals</em></a>
					</li>
					<li class="current tsd-kind-module">
						<a href="../modules/_index_.html">index</a>
					</li>
				</ul>
			</nav>
		</div>
		<div class="col-7 offset-3 col-content">
			<h1>Class Example1</h1>
			<section class="tsd-panel tsd-hierarchy">
				<h3>Hierarchy</h3>
				<ul class="tsd-hierarchy">
					<li>
						<span class="target">Example1</span>
					</li>
				</ul>
			</section>
			<section class="tsd-panel-group tsd-index-group">
				<section class="tsd-panel tsd-index-panel">
					<div class="tsd-index-content">
						<section class="tsd-index-section ">
							<h3>Properties</h3>
							<ul class="tsd-index-list">
								<li class="tsd-kind-property tsd-parent-kind-class"><a href="_index_.example1.html#nothing" class="tsd-kind-icon">nothing</a></li>
								<li class="tsd-kind-property tsd-parent-kind-class"><a href="_index_.example1.html#nothingelse" class="tsd-kind-icon">nothingElse</a></li>
								<li class="tsd-kind-property tsd-parent-kind-class"><a href="_index_.example1.html#waitforok" class="tsd-kind-icon">waitForOk</a></li>
							</ul>
						</section>
					</div>
				</section>
			</section>
			<section class="tsd-panel-group tsd-member-group ">
				<h2>Properties</h2>
				<section class="tsd-panel tsd-member tsd-kind-property tsd-parent-kind-class">
					<a name="nothing" class="tsd-anchor"></a>
					<h3><span class="tsd-flag ts-flagAbstract">Abstract</span> nothing</h3>
					<div class="tsd-signature tsd-kind-icon">nothing<span class="tsd-signature-symbol">:</span> <span class="tsd-signature-type">function</span></div>
					<aside class="tsd-sources">
						<ul>
							<li>Defined in
								<a href="https://github.com/google/typedoc-neo-theme/blob/master/test/src/index.ts#L16">
									index.ts:16
								</a>
							</li>
						</ul>
					</aside>
					<div class="tsd-type-declaration">
						<h4>Type declaration</h4>
						<ul class="tsd-parameters">
							<li class="tsd-parameter-siganture">
								<ul class="tsd-signatures tsd-kind-type-literal tsd-parent-kind-property">
									<li class="tsd-signature tsd-kind-icon"><span class="tsd-signature-symbol">(</span><span class="tsd-signature-symbol">)</span><span class="tsd-signature-symbol">: </span><span class="tsd-signature-type">void</span></li>
								</ul>
								<ul class="tsd-descriptions">
									<li class="tsd-description">
										<h4 class="tsd-returns-title">Returns <span class="tsd-signature-type">void</span></h4>
									</li>
								</ul>
							</li>
						</ul>
					</div>
				</section>
				<section class="tsd-panel tsd-member tsd-kind-property tsd-parent-kind-class">
					<a name="nothingelse" class="tsd-anchor"></a>
					<h3><span class="tsd-flag ts-flagAbstract">Abstract</span> nothing<wbr>Else</h3>
					<div class="tsd-signature tsd-kind-icon">nothing<wbr>Else<span class="tsd-signature-symbol">:</span> <span class="tsd-signature-type">function</span></div>
					<aside class="tsd-sources">
						<ul>
							<li>Defined in
								<a href="https://github.com/google/typedoc-neo-theme/blob/master/test/src/index.ts#L27">
									index.ts:27
								</a>
							</li>
						</ul>
					</aside>
					<div class="tsd-type-declaration">
						<h4>Type declaration</h4>
						<ul class="tsd-parameters">
							<li class="tsd-parameter-siganture">
								<ul class="tsd-signatures tsd-kind-type-literal tsd-parent-kind-property">
									<li class="tsd-signature tsd-kind-icon"><span class="tsd-signature-symbol">(</span><span class="tsd-signature-symbol">)</span><span class="tsd-signature-symbol">: </span><span class="tsd-signature-type">void</span></li>
								</ul>
								<ul class="tsd-descriptions">
									<li class="tsd-description">
										<h4 class="tsd-returns-title">Returns <span class="tsd-signature-type">void</span></h4>
									</li>
								</ul>
							</li>
						</ul>
					</div>
				</section>
				<section class="tsd-panel tsd-member tsd-kind-property tsd-parent-kind-class">
					<a name="waitforok" class="tsd-anchor"></a>
					<h3><span class="tsd-flag ts-flagAbstract">Abstract</span> wait<wbr>For<wbr>Ok</h3>
					<div class="tsd-signature tsd-kind-icon">wait<wbr>For<wbr>Ok<span class="tsd-signature-symbol">:</span> <span class="tsd-signature-type">function</span></div>
					<aside class="tsd-sources">
						<ul>
							<li>Defined in
								<a href="https://github.com/google/typedoc-neo-theme/blob/master/test/src/index.ts#L6">
									index.ts:6
								</a>
							</li>
						</ul>
					</aside>
					<div class="tsd-comment tsd-typography tsd-comment-shorttext">
						<div class="lead">
							<p>Wait for the boolean to return</p>
						</div>
						</div><div class="tsd-comment tsd-typography tsd-comment-tags">
						<dl class="tsd-comment-tags"><dt>returns</dt>
							<dd><p>True if it waited</p>
						</dd></dl>
					</div>
					<div class="tsd-type-declaration">
						<h4>Type declaration</h4>
						<ul class="tsd-parameters">
							<li class="tsd-parameter-siganture">
								<ul class="tsd-signatures tsd-kind-type-literal tsd-parent-kind-property">
									<li class="tsd-signature tsd-kind-icon"><span class="tsd-signature-symbol">(</span><span class="tsd-signature-symbol">)</span><span class="tsd-signature-symbol">: </span><span class="tsd-signature-type">Promise</span><span class="tsd-signature-symbol">&lt;</span><span class="tsd-signature-type">boolean</span><span class="tsd-signature-symbol">&gt;</span></li>
								</ul>
								<ul class="tsd-descriptions">
									<li class="tsd-description">
										<h4 class="tsd-returns-title">Returns <span class="tsd-signature-type">Promise</span><span class="tsd-signature-symbol">&lt;</span><span class="tsd-signature-type">boolean</span><span class="tsd-signature-symbol">&gt;</span></h4>
									</li>
								</ul>
							</li>
						</ul>
					</div>
				</section>
			</section>
			<!--{&quot;options&quot;:&quot;typedoc.json&quot;,&quot;tsconfig&quot;:&quot;/usr/local/google/home/fleker/samples/typedoc-neo-theme/test&quot;,&quot;inputFiles&quot;:[&quot;/usr/local/google/home/fleker/samples/typedoc-neo-theme/test/src/index.ts&quot;],&quot;mode&quot;:1,&quot;includeDeclarations&quot;:false,&quot;entryPoint&quot;:&quot;&quot;,&quot;exclude&quot;:[],&quot;externalPattern&quot;:[],&quot;excludeExternals&quot;:true,&quot;excludeNotExported&quot;:true,&quot;excludeNotDocumented&quot;:false,&quot;excludePrivate&quot;:true,&quot;excludeProtected&quot;:false,&quot;ignoreCompilerErrors&quot;:true,&quot;disableSources&quot;:false,&quot;includes&quot;:&quot;&quot;,&quot;media&quot;:&quot;&quot;,&quot;out&quot;:&quot;docs&quot;,&quot;json&quot;:&quot;&quot;,&quot;theme&quot;:&quot;node_modules/typedoc-neo-theme/bin/default&quot;,&quot;name&quot;:&quot;&quot;,&quot;includeVersion&quot;:false,&quot;excludeTags&quot;:[],&quot;readme&quot;:&quot;&quot;,&quot;defaultCategory&quot;:&quot;Other&quot;,&quot;categoryOrder&quot;:[],&quot;categorizeByGroup&quot;:true,&quot;gitRevision&quot;:&quot;&quot;,&quot;gitRemote&quot;:&quot;origin&quot;,&quot;gaID&quot;:&quot;&quot;,&quot;gaSite&quot;:&quot;auto&quot;,&quot;hideGenerator&quot;:false,&quot;toc&quot;:[],&quot;disableOutputCheck&quot;:true,&quot;help&quot;:false,&quot;version&quot;:false,&quot;plugin&quot;:[],&quot;logger&quot;:&quot;console&quot;,&quot;listInvalidSymbolLinks&quot;:false,&quot;links&quot;:[{&quot;label&quot;:&quot;Theme&quot;,&quot;url&quot;:&quot;https://github.com/google/typedoc-neo-theme&quot;}],&quot;outline&quot;:[],&quot;search&quot;:[{&quot;name&quot;:&quot;\&quot;index\&quot;.Example1.waitForOk&quot;,&quot;subtitle&quot;:&quot;Main method&quot;}],&quot;source&quot;:[{&quot;path&quot;:&quot;https://github.com/google/typedoc-neo-theme/blob/master/test/src/&quot;,&quot;line&quot;:&quot;L&quot;}]}-->
		</div>
		<div class="col-2 col-menu secondary-menu">
			<nav class="tsd-navigation secondary menu-sticky">
				<ul class="before-current">
				</ul>
				<ul class="current">
					<li class="current tsd-kind-class tsd-parent-kind-module root">
						<a href="_index_.example1.html" class="tsd-kind-icon">Example1</a>
						<ul>
							<li class=" tsd-kind-property tsd-parent-kind-class">
								<a href="_index_.example1.html#nothing" class="tsd-kind-icon">nothing</a>
							</li>
							<li class=" tsd-kind-property tsd-parent-kind-class">
								<a href="_index_.example1.html#nothingelse" class="tsd-kind-icon">nothing<wbr>Else</a>
							</li>
							<li class=" tsd-kind-property tsd-parent-kind-class">
								<a href="_index_.example1.html#waitforok" class="tsd-kind-icon">wait<wbr>For<wbr>Ok</a>
							</li>
						</ul>
					</li>
				</ul>
				<ul class="after-current">
				</ul>
			</nav>
		</div>
	</div>
</div>
<footer class="with-border-bottom">
</footer>
<div class="container tsd-generator">
	<p>Generated using <a href="http://typedoc.org/" target="_blank">TypeDoc</a></p>
</div>
<div class="overlay"></div>
<script src="../assets/js/main.js"></script>
</body>
</html>